// Jest Snapshot v1, https://goo.gl/fbAQLP

exports[`Snapshot tests should render correctly without issues 1`] = `
<Container
  className="d-flex flex-column justify-content-center bg-dark text-white vertical-center"
  fluid={true}
  tag="div"
>
  <Form
    tag="form"
  >
    <Row
      tag="div"
      widths={
        Array [
          "xs",
          "sm",
          "md",
          "lg",
          "xl",
        ]
      }
    >
      <Col
        tag="div"
        widths={
          Array [
            "xs",
            "sm",
            "md",
            "lg",
            "xl",
          ]
        }
      >
        <FormGroup
          tag="div"
        >
          <Label
            for="category"
            tag="label"
            widths={
              Array [
                "xs",
                "sm",
                "md",
                "lg",
                "xl",
              ]
            }
          >
            Choose picture category:
          </Label>
          <Input
            className="form-control-lg"
            id="category"
            name="selectcategory"
            onChange={[Function]}
            type="select"
            value="gn-office"
          >
            <option
              value="11328847"
            >
              Random
            </option>
            <option
              value="10757469"
            >
              Office
            </option>
            <option
              value="11328818"
            >
              Family
            </option>
            <option
              value="11328826"
            >
              Nature
            </option>
            <option
              value="11328790"
            >
              Christian
            </option>
          </Input>
        </FormGroup>
      </Col>
    </Row>
    <Row
      tag="div"
      widths={
        Array [
          "xs",
          "sm",
          "md",
          "lg",
          "xl",
        ]
      }
    >
      <Col
        tag="div"
        widths={
          Array [
            "xs",
            "sm",
            "md",
            "lg",
            "xl",
          ]
        }
      >
        <FormGroup
          tag="div"
        >
          <Label
            for="count"
            tag="label"
            widths={
              Array [
                "xs",
                "sm",
                "md",
                "lg",
                "xl",
              ]
            }
          >
            Number of pictures:
          </Label>
          <Input
            className="form-control-lg"
            id="count"
            name="selectcount"
            onChange={[Function]}
            type="select"
            value="5"
          >
            <option
              value="3"
            >
              3
            </option>
            <option
              value="5"
            >
              5
            </option>
            <option
              value="10"
            >
              10
            </option>
          </Input>
        </FormGroup>
      </Col>
    </Row>
    <Row
      tag="div"
      widths={
        Array [
          "xs",
          "sm",
          "md",
          "lg",
          "xl",
        ]
      }
    >
      <Col
        tag="div"
        widths={
          Array [
            "xs",
            "sm",
            "md",
            "lg",
            "xl",
          ]
        }
      >
        <FormGroup
          tag="div"
        >
          <Label
            for="duration"
            tag="label"
            widths={
              Array [
                "xs",
                "sm",
                "md",
                "lg",
                "xl",
              ]
            }
          >
            Time for each picture:
          </Label>
          <Input
            className="form-control-lg"
            id="duration"
            name="selectduration"
            onChange={[Function]}
            type="select"
            value="30"
          >
            <option
              value="20"
            >
              20
            </option>
            <option
              value="30"
            >
              30
            </option>
            <option
              value="60"
            >
              60
            </option>
          </Input>
        </FormGroup>
      </Col>
    </Row>
    <Row
      tag="div"
      widths={
        Array [
          "xs",
          "sm",
          "md",
          "lg",
          "xl",
        ]
      }
    >
      <Col
        tag="div"
        widths={
          Array [
            "xs",
            "sm",
            "md",
            "lg",
            "xl",
          ]
        }
      >
        <FormGroup
          tag="div"
        >
          <Button
            className="btn-lg btn-block"
            color="info"
            onClick={[Function]}
            tag="button"
          >
            Create Room
          </Button>
        </FormGroup>
      </Col>
    </Row>
  </Form>
</Container>
`;
