// Jest Snapshot v1, https://goo.gl/fbAQLP

exports[`App should render correctly without issues 1`] = `
<div
  className="app-routes"
>
  <BrowserRouter>
    <Switch>
      <Route
        component={[Function]}
        exact={true}
        path="/"
      />
      <Route
        component={[Function]}
        path="/game"
      />
      <Route
        component={[Function]}
        path="/admin"
      />
    </Switch>
  </BrowserRouter>
</div>
`;
