// Jest Snapshot v1, https://goo.gl/fbAQLP

exports[`should render correctly without issues 1`] = `
<Container
  className="d-flex flex-column justify-content-center bg-dark text-white vertical-center"
  fluid={true}
  tag="div"
>
  <div>
    <Nav
      tabs={true}
      tag="ul"
      vertical={false}
    >
      <NavItem
        tag="li"
      >
        <NavLink
          className="active"
          onClick={[Function]}
          tag="a"
        >
          Join
        </NavLink>
      </NavItem>
      <NavItem
        tag="li"
      >
        <NavLink
          className=""
          onClick={[Function]}
          tag="a"
        >
          Host
        </NavLink>
      </NavItem>
    </Nav>
    <TabContent
      activeTab="1"
      tag="div"
    >
      <TabPane
        className="p-3 border"
        tabId="1"
        tag="div"
      >
        <Form
          tag="form"
        >
          <Row
            tag="div"
            widths={
              Array [
                "xs",
                "sm",
                "md",
                "lg",
                "xl",
              ]
            }
          >
            <Col
              tag="div"
              widths={
                Array [
                  "xs",
                  "sm",
                  "md",
                  "lg",
                  "xl",
                ]
              }
            >
              <FormGroup
                tag="div"
              >
                <Input
                  className="form-control form-control-lg p-4"
                  disabled={false}
                  id="gameRoom"
                  name="gameRoom"
                  onChange={[Function]}
                  placeholder="Game Room ID"
                  type="text"
                />
              </FormGroup>
            </Col>
          </Row>
          <Row
            tag="div"
            widths={
              Array [
                "xs",
                "sm",
                "md",
                "lg",
                "xl",
              ]
            }
          >
            <Col
              tag="div"
              widths={
                Array [
                  "xs",
                  "sm",
                  "md",
                  "lg",
                  "xl",
                ]
              }
            >
              <FormGroup
                tag="div"
              >
                <Button
                  className="btn-lg btn-block"
                  color="info"
                  onClick={[Function]}
                  tag="button"
                >
                  Next
                </Button>
              </FormGroup>
            </Col>
          </Row>
        </Form>
      </TabPane>
      <TabPane
        className="p-3 border"
        tabId="2"
        tag="div"
      >
        <Form
          tag="form"
        >
          <Row
            tag="div"
            widths={
              Array [
                "xs",
                "sm",
                "md",
                "lg",
                "xl",
              ]
            }
          >
            <Col
              tag="div"
              widths={
                Array [
                  "xs",
                  "sm",
                  "md",
                  "lg",
                  "xl",
                ]
              }
            >
              <FormGroup
                tag="div"
              >
                <Input
                  className="form-control form-control-lg"
                  id="adminId"
                  name="adminId"
                  onChange={[Function]}
                  placeholder="email@domain.com"
                  type="text"
                />
              </FormGroup>
            </Col>
          </Row>
          <Row
            tag="div"
            widths={
              Array [
                "xs",
                "sm",
                "md",
                "lg",
                "xl",
              ]
            }
          >
            <Col
              tag="div"
              widths={
                Array [
                  "xs",
                  "sm",
                  "md",
                  "lg",
                  "xl",
                ]
              }
            >
              <FormGroup
                tag="div"
              >
                <Input
                  className="form-control form-control-lg"
                  id="adminPass"
                  name="adminPass"
                  onChange={[Function]}
                  placeholder="Your Password"
                  type="password"
                />
              </FormGroup>
            </Col>
          </Row>
          <Row
            tag="div"
            widths={
              Array [
                "xs",
                "sm",
                "md",
                "lg",
                "xl",
              ]
            }
          >
            <Col
              tag="div"
              widths={
                Array [
                  "xs",
                  "sm",
                  "md",
                  "lg",
                  "xl",
                ]
              }
            >
              <FormGroup
                tag="div"
              >
                <Button
                  className="btn-lg btn-block"
                  color="info"
                  onClick={[Function]}
                  tag="button"
                >
                  Login
                </Button>
              </FormGroup>
            </Col>
          </Row>
        </Form>
      </TabPane>
    </TabContent>
  </div>
</Container>
`;
