// Jest Snapshot v1, https://goo.gl/fbAQLP

exports[`Snapshot tests should render correctly without issues 1`] = `
<div>
  <Row
    tag="div"
    widths={
      Array [
        "xs",
        "sm",
        "md",
        "lg",
        "xl",
      ]
    }
  >
    <Col
      tag="div"
      widths={
        Array [
          "xs",
          "sm",
          "md",
          "lg",
          "xl",
        ]
      }
    >
      <h4
        className="text-light"
      >
        Join Game ID: 
        123456
      </h4>
    </Col>
  </Row>
  <Row
    tag="div"
    widths={
      Array [
        "xs",
        "sm",
        "md",
        "lg",
        "xl",
      ]
    }
  >
    <Col
      tag="div"
      widths={
        Array [
          "xs",
          "sm",
          "md",
          "lg",
          "xl",
        ]
      }
    >
      <Button
        className="btn-lg btn-block"
        color="success"
        id="startbtn"
        onClick={[Function]}
        tag="button"
      >
        Start Game
      </Button>
    </Col>
  </Row>
  <Row
    tag="div"
    widths={
      Array [
        "xs",
        "sm",
        "md",
        "lg",
        "xl",
      ]
    }
  >
    <Col
      tag="div"
      widths={
        Array [
          "xs",
          "sm",
          "md",
          "lg",
          "xl",
        ]
      }
    >
      <Toast
        fade={true}
        isOpen={true}
        tag="div"
        transition={
          Object {
            "appear": true,
            "baseClass": "fade",
            "baseClassActive": "show",
            "enter": true,
            "exit": true,
            "in": true,
            "mountOnEnter": false,
            "onEnter": [Function],
            "onEntered": [Function],
            "onEntering": [Function],
            "onExit": [Function],
            "onExited": [Function],
            "onExiting": [Function],
            "tag": "div",
            "timeout": 150,
            "unmountOnExit": true,
          }
        }
      >
        <ToastHeader
          charCode={215}
          closeAriaLabel="Close"
          icon={
            <Spinner
              size="sm"
              tag="div"
              type="border"
            >
              Loading...
            </Spinner>
          }
          tag="strong"
          tagClassName="mr-auto"
          wrapTag="div"
        >
          <div>
            Waiting for other players to join ...
          </div>
        </ToastHeader>
        <ToastBody
          tag="div"
        >
          <Table
            responsiveTag="div"
            tag="table"
          >
            <tbody />
          </Table>
        </ToastBody>
      </Toast>
    </Col>
  </Row>
</div>
`;
