// Jest Snapshot v1, https://goo.gl/fbAQLP

exports[`Snapshot tests should render correctly without issues 1`] = `
<Row
  tag="div"
  widths={
    Array [
      "xs",
      "sm",
      "md",
      "lg",
      "xl",
    ]
  }
>
  <Col
    tag="div"
    widths={
      Array [
        "xs",
        "sm",
        "md",
        "lg",
        "xl",
      ]
    }
  >
    <h5
      className="text-dark bg-light"
    >
      Score: 
      100
    </h5>
  </Col>
</Row>
`;
