// Jest Snapshot v1, https://goo.gl/fbAQLP

exports[`Snapshot tests should render correctly without issues 1`] = `
<Row
  tag="div"
  widths={
    Array [
      "xs",
      "sm",
      "md",
      "lg",
      "xl",
    ]
  }
>
  <Col
    tag="div"
    widths={
      Array [
        "xs",
        "sm",
        "md",
        "lg",
        "xl",
      ]
    }
  >
    <Progress
      bar={true}
      color="success"
      max={100}
      tag="div"
      value={100}
    />
  </Col>
</Row>
`;
